******************************************************************************
                     PRU Linker Unix v2.1.5                    
******************************************************************************
>> Linked Mon May 31 18:23:45 2021

OUTPUT FILE NAME:   <out/hammer_control_pru>
ENTRY POINT SYMBOL: "_c_int00_noinit_noargs_noexit"  address: 00000000


MEMORY CONFIGURATION

         name            origin    length      used     unused   attr    fill
----------------------  --------  ---------  --------  --------  ----  --------
PAGE 0:
  PRU_IMEM              00000000   00003000  0000135c  00001ca4  RWIX

PAGE 1:
  PRU_DMEM_0_1          00000000   00002000  000007a7  00001859  RWIX
  PRU_DMEM_1_0          00002000   00002000  00000000  00002000  RWIX

PAGE 2:
  PRU_SHAREDMEM         00010000   00008000  00000000  00008000  RWIX
  PRU_INTC              00020000   00001504  00001504  00000000  RWIX
  PRU_CFG               00026000   00000120  00000044  000000dc  RWIX
  PRU_UART              00028000   00000038  00000000  00000038  RWIX
  PRU_IEP               0002e000   0000031c  00000000  0000031c  RWIX
  PRU_ECAP              00030000   00000060  00000060  00000000  RWIX
  RSVD27                00032000   00000100  00000000  00000100  RWIX
  RSVD21                00032400   00000100  00000000  00000100  RWIX
  L3OCMC                40000000   00010000  00000000  00010000  RWIX
  MCASP3_DMA            46000000   00000100  00000000  00000100  RWIX
  RSVD11                48022000   00000088  00000000  00000088  RWIX
  RSVD12                48024000   00000088  00000000  00000088  RWIX
  RSVD2                 4802a000   000000d8  00000000  000000d8  RWIX
  RSVD6                 48030000   000001a4  00000000  000001a4  RWIX
  RSVD1                 48040000   0000005c  00000000  0000005c  RWIX
  I2C3                  48060000   00000300  00000000  00000300  RWIX
  RSVD22                480c8000   00000140  00000000  00000140  RWIX
  RSVD23                480ca000   00000880  00000000  00000880  RWIX
  RSVD17                4819c000   000000d8  00000000  000000d8  RWIX
  RSVD16                481a0000   000001a4  00000000  000001a4  RWIX
  RSVD14                481cc000   000001e8  00000000  000001e8  RWIX
  RSVD15                481d0000   000001e8  00000000  000001e8  RWIX
  RSVD18                48300000   000002c4  00000000  000002c4  RWIX
  RSVD19                48302000   000002c4  00000000  000002c4  RWIX
  RSVD20                48304000   000002c4  00000000  000002c4  RWIX
  RSVD13                48310000   00000100  00000000  00000100  RWIX
  RSVD10                48318000   00000100  00000000  00000100  RWIX
  RSVD29                49000000   00001098  00000000  00001098  RWIX
  RSVD9                 4a100000   0000128c  00000000  0000128c  RWIX
  DDR                   80000000   00010000  00000000  00010000  RWIX


SECTION ALLOCATION MAP

 output                                  attributes/
section   page    origin      length       input sections
--------  ----  ----------  ----------   ----------------
.text:_c_int00* 
*          0    00000000    00000014     
                  00000000    00000014     rtspruv3_le.lib : boot_special.obj (.text:_c_int00_noinit_noargs_noexit)

.text      0    00000014    00001348     
                  00000014    000003a8     hammer_control_pru.o (.text:hammer_control_update)
                  000003bc    000001b4     main.o (.text:recv_sens_message)
                  00000570    00000190     main.o (.text:update_comms)
                  00000700    00000114     rtspruv3_le.lib : divu_c.obj (.text:__pruabi_divu)
                  00000814    000000d8     rpmsg_lib.lib : pru_rpmsg.object (.text:pru_rpmsg_send)
                  000008ec    000000c4                   : pru_rpmsg.object (.text:pru_rpmsg_receive)
                  000009b0    000000b0     main.o (.text:update)
                  00000a60    00000094     rtspruv3_le.lib : strtok.obj (.text:strtok)
                  00000af4    00000090     pru_time.o (.text:pru_time_update)
                  00000b84    00000090     main.o (.text:set_state)
                  00000c14    0000008c     main.o (.text:init_rpmsg)
                  00000ca0    0000007c     rtspruv3_le.lib : atoi.obj (.text:atoi)
                  00000d1c    0000007c     main.o (.text:recv_conf_message)
                  00000d98    0000006c     main.o (.text:init_ecap)
                  00000e04    00000060     rpmsg_lib.lib : pru_rpmsg.object (.text:pru_rpmsg_init)
                  00000e64    00000060                   : pru_virtqueue.object (.text:pru_virtqueue_get_avail_buf)
                  00000ec4    00000060                   : pru_virtqueue.object (.text:pru_virtqueue_init)
                  00000f24    00000060     main.o (.text:update_heartbeat)
                  00000f84    0000005c     rpmsg_lib.lib : pru_rpmsg.object (.text:pru_rpmsg_channel)
                  00000fe0    0000005c                   : pru_virtqueue.object (.text:pru_virtqueue_add_used_buf)
                  0000103c    0000004c     pru_time.o (.text:pru_time_init)
                  00001088    00000044     rtspruv3_le.lib : strspn.obj (.text:strspn)
                  000010cc    00000034                     : memcpy.obj (.text)
                  00001100    00000034                     : strcspn.obj (.text:strcspn)
                  00001134    00000030     hammer_control_pru.o (.text:hammer_control_set_state)
                  00001164    00000028     hammer_control_pru.o (.text:hammer_control_config_update)
                  0000118c    00000028     hammer_control_pru.o (.text:hammer_control_init)
                  000011b4    00000028     main.o (.text:init_gpio)
                  000011dc    00000028     rpmsg_lib.lib : pru_virtqueue.object (.text:pru_virtqueue_kick)
                  00001204    00000024     main.o (.text:init_intc)
                  00001228    00000024     main.o (.text:main)
                  0000124c    00000024     main.o (.text:update_hammer)
                  00001270    00000020     main.o (.text:init_heartbeat)
                  00001290    00000018     main.o (.text:check_for_arm_exit)
                  000012a8    00000018     main.o (.text:check_for_arm_sync)
                  000012c0    00000018     hammer_control_pru.o (.text:hammer_control_is_swing_complete)
                  000012d8    00000010     main.o (.text:init_syscfg)
                  000012e8    00000010     main.o (.text:recv_exit_message)
                  000012f8    00000010     main.o (.text:recv_sync_message)
                  00001308    00000010     main.o (.text:report_comms_down)
                  00001318    00000010     main.o (.text:report_comms_up)
                  00001328    0000000c     main.o (.text:is_comms_connected)
                  00001334    0000000c     main.o (.text:is_weapon_enabled)
                  00001340    0000000c     pru_time.o (.text:pru_time_gettime)
                  0000134c    00000008     rtspruv3_le.lib : exit.obj (.text:abort)
                  00001354    00000008                     : exit.obj (.text:loader_exit)

.bss       1    00000000    000004c3     UNINITIALIZED
                  00000000    000001f0     (.common:s_recv_message_buffer)
                  000001f0    000001f0     (.common:s_send_message_buffer)
                  000003e0    0000003c     (.common:s_transport)
                  0000041c    00000008     (.common:g_brake_exit_velocity)
                  00000424    00000008     (.common:g_emergency_brake_angle)
                  0000042c    00000008     (.common:g_max_retract_break_dt)
                  00000434    00000008     (.common:g_max_retract_expand_dt)
                  0000043c    00000008     (.common:g_max_retract_pressure_dt)
                  00000444    00000008     (.common:g_max_retract_settle_dt)
                  0000044c    00000008     (.common:g_max_throw_angle)
                  00000454    00000008     (.common:g_max_throw_expand_dt)
                  0000045c    00000008     (.common:g_max_throw_pressure_dt)
                  00000464    00000008     (.common:g_min_retract_angle)
                  0000046c    00000008     (.common:g_retract_fill_pressure)
                  00000474    00000008     (.common:g_valve_change_dt)
                  0000047c    00000004     (.common:g_available_break_energy)
                  00000480    00000004     (.common:g_desired_throw_angle)
                  00000484    00000004     (.common:g_hammer_angle)
                  00000488    00000004     (.common:g_hammer_energy)
                  0000048c    00000004     (.common:g_hammer_velocity)
                  00000490    00000004     (.common:g_retract_pressure)
                  00000494    00000004     (.common:g_throw_pressure)
                  00000498    00000004     (.common:g_turret_angle)
                  0000049c    00000004     (.common:g_turret_velocity)
                  000004a0    00000004     (.common:s_delta_time_micros)
                  000004a4    00000004     (.common:s_heartbeat_start_time)
                  000004a8    00000004     (.common:s_message_last_recv_time)
                  000004ac    00000004     (.common:s_state_start_time)
                  000004b0    00000004     (.common:s_state_start_time)
                  000004b4    00000004     (.common:s_time_micros)
                  000004b8    00000004     (.common:s_time_remainder_cycles)
                  000004bc    00000002     (.common:s_rpmsg_arm_addr)
                  000004be    00000002     (.common:s_rpmsg_pru_addr)
                  000004c0    00000001     (.common:s_exit_message_received)
                  000004c1    00000001     (.common:s_state)
                  000004c2    00000001     (.common:s_sync_message_received)

.rofardata 
*          1    000004c3    00000101     
                  000004c3    00000101     rtspruv3_le.lib : ctype.obj (.rofardata:.string:_ctypes_)

.stack     1    000005c4    00000100     UNINITIALIZED
                  000005c4    00000004     rtspruv3_le.lib : boot.obj (.stack)
                  000005c8    000000fc     --HOLE--

.data      1    00000784    0000001f     
                  00000784    0000001a     main.o (.data)
                  0000079e    00000004     main.o (.data:pru_intc_map)
                  000007a2    00000001     hammer_control_pru.o (.data)

.cinit     1    00000000    00000000     UNINITIALIZED

.resource_table 
*          1    000006c4    0000007c     
                  000006c4    0000007c     main.o (.resource_table:retain)

.rodata    1    00000740    00000044     
                  00000740    00000044     main.o (.rodata:.string)

.fardata   1    000007a3    00000004     
                  000007a3    00000004     rtspruv3_le.lib : strtok.obj (.fardata)

.creg.PRU_INTC.noload.near 
*          2    00020000    00000000     NOLOAD SECTION

.creg.PRU_INTC.near 
*          2    00020000    00000000     UNINITIALIZED

.creg.PRU_INTC.noload.far 
*          2    00020000    00001504     NOLOAD SECTION
                  00020000    00001504     main.o (.creg.PRU_INTC.noload.far)

.creg.PRU_INTC.far 
*          2    00021504    00000000     UNINITIALIZED

.creg.PRU_CFG.noload.near 
*          2    00026000    00000044     NOLOAD SECTION
                  00026000    00000044     main.o (.creg.PRU_CFG.noload.near)

.creg.PRU_CFG.near 
*          2    00026044    00000000     UNINITIALIZED

.creg.PRU_CFG.noload.far 
*          2    00026044    00000000     NOLOAD SECTION

.creg.PRU_CFG.far 
*          2    00026044    00000000     UNINITIALIZED

.creg.PRU_ECAP.noload.near 
*          2    00030000    00000060     NOLOAD SECTION
                  00030000    00000060     main.o (.creg.PRU_ECAP.noload.near)

.creg.PRU_ECAP.near 
*          2    00030060    00000000     UNINITIALIZED

.creg.PRU_ECAP.noload.far 
*          2    00030060    00000000     NOLOAD SECTION

.creg.PRU_ECAP.far 
*          2    00030060    00000000     UNINITIALIZED


SEGMENT ATTRIBUTES

    id tag      seg value
    -- ---      --- -----
     0 PHA_PAGE 1   1    
     1 PHA_PAGE 2   1    
     2 PHA_PAGE 3   1    
     3 PHA_PAGE 4   1    
     4 PHA_PAGE 5   1    
     5 PHA_PAGE 6   1    


GLOBAL SYMBOLS: SORTED ALPHABETICALLY BY Name 

page  address   name                            
----  -------   ----                            
0     00001354  C$$EXIT                         
2     00026000  CT_CFG                          
2     00030000  CT_ECAP                         
2     00020000  CT_INTC                         
abs   80000000  __PRU_CREG_BASE_DDR             
abs   48060000  __PRU_CREG_BASE_I2C3            
abs   40000000  __PRU_CREG_BASE_L3OCMC          
abs   46000000  __PRU_CREG_BASE_MCASP3_DMA      
abs   00026000  __PRU_CREG_BASE_PRU_CFG         
abs   00000000  __PRU_CREG_BASE_PRU_DMEM_0_1    
abs   00002000  __PRU_CREG_BASE_PRU_DMEM_1_0    
abs   00030000  __PRU_CREG_BASE_PRU_ECAP        
abs   0002e000  __PRU_CREG_BASE_PRU_IEP         
abs   00020000  __PRU_CREG_BASE_PRU_INTC        
abs   00010000  __PRU_CREG_BASE_PRU_SHAREDMEM   
abs   00028000  __PRU_CREG_BASE_PRU_UART        
abs   48040000  __PRU_CREG_BASE_RSVD1           
abs   48318000  __PRU_CREG_BASE_RSVD10          
abs   48022000  __PRU_CREG_BASE_RSVD11          
abs   48024000  __PRU_CREG_BASE_RSVD12          
abs   48310000  __PRU_CREG_BASE_RSVD13          
abs   481cc000  __PRU_CREG_BASE_RSVD14          
abs   481d0000  __PRU_CREG_BASE_RSVD15          
abs   481a0000  __PRU_CREG_BASE_RSVD16          
abs   4819c000  __PRU_CREG_BASE_RSVD17          
abs   48300000  __PRU_CREG_BASE_RSVD18          
abs   48302000  __PRU_CREG_BASE_RSVD19          
abs   4802a000  __PRU_CREG_BASE_RSVD2           
abs   48304000  __PRU_CREG_BASE_RSVD20          
abs   00032400  __PRU_CREG_BASE_RSVD21          
abs   480c8000  __PRU_CREG_BASE_RSVD22          
abs   480ca000  __PRU_CREG_BASE_RSVD23          
abs   00032000  __PRU_CREG_BASE_RSVD27          
abs   49000000  __PRU_CREG_BASE_RSVD29          
abs   48030000  __PRU_CREG_BASE_RSVD6           
abs   4a100000  __PRU_CREG_BASE_RSVD9           
abs   0000001f  __PRU_CREG_DDR                  
abs   00000005  __PRU_CREG_I2C3                 
abs   0000001e  __PRU_CREG_L3OCMC               
abs   00000008  __PRU_CREG_MCASP3_DMA           
abs   00000004  __PRU_CREG_PRU_CFG              
abs   00000018  __PRU_CREG_PRU_DMEM_0_1         
abs   00000019  __PRU_CREG_PRU_DMEM_1_0         
abs   00000003  __PRU_CREG_PRU_ECAP             
abs   0000001a  __PRU_CREG_PRU_IEP              
abs   00000000  __PRU_CREG_PRU_INTC             
abs   0000001c  __PRU_CREG_PRU_SHAREDMEM        
abs   00000007  __PRU_CREG_PRU_UART             
abs   00000001  __PRU_CREG_RSVD1                
abs   0000000a  __PRU_CREG_RSVD10               
abs   0000000b  __PRU_CREG_RSVD11               
abs   0000000c  __PRU_CREG_RSVD12               
abs   0000000d  __PRU_CREG_RSVD13               
abs   0000000e  __PRU_CREG_RSVD14               
abs   0000000f  __PRU_CREG_RSVD15               
abs   00000010  __PRU_CREG_RSVD16               
abs   00000011  __PRU_CREG_RSVD17               
abs   00000012  __PRU_CREG_RSVD18               
abs   00000013  __PRU_CREG_RSVD19               
abs   00000002  __PRU_CREG_RSVD2                
abs   00000014  __PRU_CREG_RSVD20               
abs   00000015  __PRU_CREG_RSVD21               
abs   00000016  __PRU_CREG_RSVD22               
abs   00000017  __PRU_CREG_RSVD23               
abs   0000001b  __PRU_CREG_RSVD27               
abs   0000001d  __PRU_CREG_RSVD29               
abs   00000006  __PRU_CREG_RSVD6                
abs   00000009  __PRU_CREG_RSVD9                
1     000006c4  __TI_STACK_END                  
abs   00000100  __TI_STACK_SIZE                 
abs   ffffffff  __binit__                       
abs   ffffffff  __c_args__                      
0     00000700  __pruabi_divu                   
0     00000000  _c_int00_noinit_noargs_noexit   
1     000004c3  _ctypes_                        
1     000005c4  _stack                          
0     0000134c  abort                           
0     00000ca0  atoi                            
abs   ffffffff  binit                           
0     00001290  check_for_arm_exit              
0     000012a8  check_for_arm_sync              
1     0000047c  g_available_break_energy        
1     0000041c  g_brake_exit_velocity           
1     00000480  g_desired_throw_angle           
1     00000424  g_emergency_brake_angle         
1     00000484  g_hammer_angle                  
1     00000488  g_hammer_energy                 
1     0000048c  g_hammer_velocity               
1     0000042c  g_max_retract_break_dt          
1     00000434  g_max_retract_expand_dt         
1     0000043c  g_max_retract_pressure_dt       
1     00000444  g_max_retract_settle_dt         
1     0000044c  g_max_throw_angle               
1     00000454  g_max_throw_expand_dt           
1     0000045c  g_max_throw_pressure_dt         
1     00000464  g_min_retract_angle             
1     0000046c  g_retract_fill_pressure         
1     00000490  g_retract_pressure              
1     00000494  g_throw_pressure                
1     00000498  g_turret_angle                  
1     0000049c  g_turret_velocity               
1     00000474  g_valve_change_dt               
0     00001164  hammer_control_config_update    
0     0000118c  hammer_control_init             
0     000012c0  hammer_control_is_swing_complete
0     00001134  hammer_control_set_state        
0     00000014  hammer_control_update           
0     00000d98  init_ecap                       
0     000011b4  init_gpio                       
0     00001270  init_heartbeat                  
0     00001204  init_intc                       
0     00000c14  init_rpmsg                      
0     000012d8  init_syscfg                     
0     00001328  is_comms_connected              
0     00001334  is_weapon_enabled               
0     00001228  main                            
0     000010cc  memcpy                          
1     0000079e  pru_intc_map                    
0     00000f84  pru_rpmsg_channel               
0     00000e04  pru_rpmsg_init                  
0     000008ec  pru_rpmsg_receive               
0     00000814  pru_rpmsg_send                  
0     00001340  pru_time_gettime                
0     0000103c  pru_time_init                   
0     00000af4  pru_time_update                 
0     00000fe0  pru_virtqueue_add_used_buf      
0     00000e64  pru_virtqueue_get_avail_buf     
0     00000ec4  pru_virtqueue_init              
0     000011dc  pru_virtqueue_kick              
0     00000d1c  recv_conf_message               
0     000012e8  recv_exit_message               
0     000003bc  recv_sens_message               
0     000012f8  recv_sync_message               
0     00001308  report_comms_down               
0     00001318  report_comms_up                 
1     000006c4  resourceTable                   
0     00000b84  set_state                       
0     00001100  strcspn                         
0     00001088  strspn                          
0     00000a60  strtok                          
0     000009b0  update                          
0     00000570  update_comms                    
0     0000124c  update_hammer                   
0     00000f24  update_heartbeat                


GLOBAL SYMBOLS: SORTED BY Symbol Address 

page  address   name                            
----  -------   ----                            
0     00000000  _c_int00_noinit_noargs_noexit   
0     00000014  hammer_control_update           
0     000003bc  recv_sens_message               
0     00000570  update_comms                    
0     00000700  __pruabi_divu                   
0     00000814  pru_rpmsg_send                  
0     000008ec  pru_rpmsg_receive               
0     000009b0  update                          
0     00000a60  strtok                          
0     00000af4  pru_time_update                 
0     00000b84  set_state                       
0     00000c14  init_rpmsg                      
0     00000ca0  atoi                            
0     00000d1c  recv_conf_message               
0     00000d98  init_ecap                       
0     00000e04  pru_rpmsg_init                  
0     00000e64  pru_virtqueue_get_avail_buf     
0     00000ec4  pru_virtqueue_init              
0     00000f24  update_heartbeat                
0     00000f84  pru_rpmsg_channel               
0     00000fe0  pru_virtqueue_add_used_buf      
0     0000103c  pru_time_init                   
0     00001088  strspn                          
0     000010cc  memcpy                          
0     00001100  strcspn                         
0     00001134  hammer_control_set_state        
0     00001164  hammer_control_config_update    
0     0000118c  hammer_control_init             
0     000011b4  init_gpio                       
0     000011dc  pru_virtqueue_kick              
0     00001204  init_intc                       
0     00001228  main                            
0     0000124c  update_hammer                   
0     00001270  init_heartbeat                  
0     00001290  check_for_arm_exit              
0     000012a8  check_for_arm_sync              
0     000012c0  hammer_control_is_swing_complete
0     000012d8  init_syscfg                     
0     000012e8  recv_exit_message               
0     000012f8  recv_sync_message               
0     00001308  report_comms_down               
0     00001318  report_comms_up                 
0     00001328  is_comms_connected              
0     00001334  is_weapon_enabled               
0     00001340  pru_time_gettime                
0     0000134c  abort                           
0     00001354  C$$EXIT                         
1     0000041c  g_brake_exit_velocity           
1     00000424  g_emergency_brake_angle         
1     0000042c  g_max_retract_break_dt          
1     00000434  g_max_retract_expand_dt         
1     0000043c  g_max_retract_pressure_dt       
1     00000444  g_max_retract_settle_dt         
1     0000044c  g_max_throw_angle               
1     00000454  g_max_throw_expand_dt           
1     0000045c  g_max_throw_pressure_dt         
1     00000464  g_min_retract_angle             
1     0000046c  g_retract_fill_pressure         
1     00000474  g_valve_change_dt               
1     0000047c  g_available_break_energy        
1     00000480  g_desired_throw_angle           
1     00000484  g_hammer_angle                  
1     00000488  g_hammer_energy                 
1     0000048c  g_hammer_velocity               
1     00000490  g_retract_pressure              
1     00000494  g_throw_pressure                
1     00000498  g_turret_angle                  
1     0000049c  g_turret_velocity               
1     000004c3  _ctypes_                        
1     000005c4  _stack                          
1     000006c4  __TI_STACK_END                  
1     000006c4  resourceTable                   
1     0000079e  pru_intc_map                    
2     00020000  CT_INTC                         
2     00026000  CT_CFG                          
2     00030000  CT_ECAP                         
abs   00000000  __PRU_CREG_BASE_PRU_DMEM_0_1    
abs   00000000  __PRU_CREG_PRU_INTC             
abs   00000001  __PRU_CREG_RSVD1                
abs   00000002  __PRU_CREG_RSVD2                
abs   00000003  __PRU_CREG_PRU_ECAP             
abs   00000004  __PRU_CREG_PRU_CFG              
abs   00000005  __PRU_CREG_I2C3                 
abs   00000006  __PRU_CREG_RSVD6                
abs   00000007  __PRU_CREG_PRU_UART             
abs   00000008  __PRU_CREG_MCASP3_DMA           
abs   00000009  __PRU_CREG_RSVD9                
abs   0000000a  __PRU_CREG_RSVD10               
abs   0000000b  __PRU_CREG_RSVD11               
abs   0000000c  __PRU_CREG_RSVD12               
abs   0000000d  __PRU_CREG_RSVD13               
abs   0000000e  __PRU_CREG_RSVD14               
abs   0000000f  __PRU_CREG_RSVD15               
abs   00000010  __PRU_CREG_RSVD16               
abs   00000011  __PRU_CREG_RSVD17               
abs   00000012  __PRU_CREG_RSVD18               
abs   00000013  __PRU_CREG_RSVD19               
abs   00000014  __PRU_CREG_RSVD20               
abs   00000015  __PRU_CREG_RSVD21               
abs   00000016  __PRU_CREG_RSVD22               
abs   00000017  __PRU_CREG_RSVD23               
abs   00000018  __PRU_CREG_PRU_DMEM_0_1         
abs   00000019  __PRU_CREG_PRU_DMEM_1_0         
abs   0000001a  __PRU_CREG_PRU_IEP              
abs   0000001b  __PRU_CREG_RSVD27               
abs   0000001c  __PRU_CREG_PRU_SHAREDMEM        
abs   0000001d  __PRU_CREG_RSVD29               
abs   0000001e  __PRU_CREG_L3OCMC               
abs   0000001f  __PRU_CREG_DDR                  
abs   00000100  __TI_STACK_SIZE                 
abs   00002000  __PRU_CREG_BASE_PRU_DMEM_1_0    
abs   00010000  __PRU_CREG_BASE_PRU_SHAREDMEM   
abs   00020000  __PRU_CREG_BASE_PRU_INTC        
abs   00026000  __PRU_CREG_BASE_PRU_CFG         
abs   00028000  __PRU_CREG_BASE_PRU_UART        
abs   0002e000  __PRU_CREG_BASE_PRU_IEP         
abs   00030000  __PRU_CREG_BASE_PRU_ECAP        
abs   00032000  __PRU_CREG_BASE_RSVD27          
abs   00032400  __PRU_CREG_BASE_RSVD21          
abs   40000000  __PRU_CREG_BASE_L3OCMC          
abs   46000000  __PRU_CREG_BASE_MCASP3_DMA      
abs   48022000  __PRU_CREG_BASE_RSVD11          
abs   48024000  __PRU_CREG_BASE_RSVD12          
abs   4802a000  __PRU_CREG_BASE_RSVD2           
abs   48030000  __PRU_CREG_BASE_RSVD6           
abs   48040000  __PRU_CREG_BASE_RSVD1           
abs   48060000  __PRU_CREG_BASE_I2C3            
abs   480c8000  __PRU_CREG_BASE_RSVD22          
abs   480ca000  __PRU_CREG_BASE_RSVD23          
abs   4819c000  __PRU_CREG_BASE_RSVD17          
abs   481a0000  __PRU_CREG_BASE_RSVD16          
abs   481cc000  __PRU_CREG_BASE_RSVD14          
abs   481d0000  __PRU_CREG_BASE_RSVD15          
abs   48300000  __PRU_CREG_BASE_RSVD18          
abs   48302000  __PRU_CREG_BASE_RSVD19          
abs   48304000  __PRU_CREG_BASE_RSVD20          
abs   48310000  __PRU_CREG_BASE_RSVD13          
abs   48318000  __PRU_CREG_BASE_RSVD10          
abs   49000000  __PRU_CREG_BASE_RSVD29          
abs   4a100000  __PRU_CREG_BASE_RSVD9           
abs   80000000  __PRU_CREG_BASE_DDR             
abs   ffffffff  __binit__                       
abs   ffffffff  __c_args__                      
abs   ffffffff  binit                           

[144 symbols]
